════════════════════════════════════════════════════════════════
  ECG REPORT  —  20260402_215335_20251221-024210-32322.scp
  Parsed     : 2026-04-02T18:53:35.969614Z
════════════════════════════════════════════════════════════════

── RECORDING ───────────────────────────────────────────────────
  Date/Time  : 2025-12-21T02:42:10
  Device     : Edan SE-1200 Express
  Sample Rate: 500 Hz
  Leads      : 12
  Duration   : None sec

── PATIENT ─────────────────────────────────────────────────────
  Id                       : 32322

── MEASUREMENTS ────────────────────────────────────────────────

── INTERPRETATION ──────────────────────────────────────────────

── AUTO DIAGNOSIS ──────────────────────────────────────────────
  → Measurements not available — clinical review required

── LEADS ───────────────────────────────────────────────────────
  I     :      0 samples
  II    :      0 samples
  III   :      0 samples
  aVR   :      0 samples
  aVL   :      0 samples
  aVF   :      0 samples
  V1    :      0 samples
  V2    :      0 samples
  V3    :      0 samples
  V4    :      0 samples
  V5    :      0 samples
  V6    :      0 samples

════════════════════════════════════════════════════════════════
  File size  : 82,068 bytes
════════════════════════════════════════════════════════════════
