════════════════════════════════════════════════════════════════
  ECG REPORT  —  20260402_215306_20251220-131751-elizabeth kalenga.scp
  Parsed     : 2026-04-02T18:53:07.027349Z
════════════════════════════════════════════════════════════════

── RECORDING ───────────────────────────────────────────────────
  Date/Time  : 2025-12-20T13:17:51
  Device     : Edan SE-1200 Express
  Sample Rate: 500 Hz
  Leads      : 12
  Duration   : None sec

── PATIENT ─────────────────────────────────────────────────────
  Name                     : Elizabeth Kalenga
  First Name               : Elizabeth
  Last Name                : Kalenga

── MEASUREMENTS ────────────────────────────────────────────────

── INTERPRETATION ──────────────────────────────────────────────

── AUTO DIAGNOSIS ──────────────────────────────────────────────
  → Measurements not available — clinical review required

── LEADS ───────────────────────────────────────────────────────
  I     :      0 samples
  II    :      0 samples
  III   :      0 samples
  aVR   :      0 samples
  aVL   :      0 samples
  aVF   :      0 samples
  V1    :      0 samples
  V2    :      0 samples
  V3    :      0 samples
  V4    :      0 samples
  V5    :      0 samples
  V6    :      0 samples

════════════════════════════════════════════════════════════════
  File size  : 82,103 bytes
════════════════════════════════════════════════════════════════
